// Jest Snapshot v1, https://goo.gl/fbAQLP

exports[`ForecastSummaries renders correctly 1`] = `
<DocumentFragment>
  <div
    class="ForecastSummaries"
  >
    <div
      class="ForecastSummary"
      data-testid="ForecastSummary"
    >
      <div
        class="ForecastSummary__date"
      >
        Wed, 16 Aug 2023
      </div>
      <img
        alt="Heavy Snow"
        class="ForecastSummary__icon"
        data-testid="SummaryIcon"
        src="https://openweathermap.org/img/wn/13d@4x.png"
      />
      <div
        class="ForecastSummary__temperature"
      >
        1 °C
      </div>
      <div
        class="ForecastSummary__description"
      >
        Heavy Snow
      </div>
      <button
        class="ForecastSummary__more_details"
        type="button"
      >
        More details
      </button>
    </div>
    <div
      class="ForecastSummary"
      data-testid="ForecastSummary"
    >
      <div
        class="ForecastSummary__date"
      >
        Thu, 17 Aug 2023
      </div>
      <img
        alt="Tornado"
        class="ForecastSummary__icon"
        data-testid="SummaryIcon"
        src="https://openweathermap.org/img/wn/50d@4x.png"
      />
      <div
        class="ForecastSummary__temperature"
      >
        20 °C
      </div>
      <div
        class="ForecastSummary__description"
      >
        Tornado
      </div>
      <button
        class="ForecastSummary__more_details"
        type="button"
      >
        More details
      </button>
    </div>
  </div>
</DocumentFragment>
`;
